\BOOKMARK [0][-]{chapter.1}{\376\377\000G\000i\000r\000i\001\137}{}% 1
\BOOKMARK [1][-]{section.1.1}{\376\377\000\307\000a\000l\001\061\001\137\000m\000a\000n\001\061\000n\000\040\000A\000m\000a\000c\001\061}{chapter.1}% 2
\BOOKMARK [1][-]{section.1.2}{\376\377\000\307\000a\000l\001\061\001\137\000m\000a\000n\001\061\000n\000\040\000\326\000n\000e\000m\000i}{chapter.1}% 3
\BOOKMARK [1][-]{section.1.3}{\376\377\000\307\000a\000l\001\061\001\137\000m\000a\000n\001\061\000n\000\040\000K\000a\000p\000s\000a\000m\001\061}{chapter.1}% 4
\BOOKMARK [1][-]{section.1.4}{\376\377\000T\000e\000z\000i\000n\000\040\000O\000r\000g\000a\000n\000i\000z\000a\000s\000y\000o\000n\000u}{chapter.1}% 5
\BOOKMARK [0][-]{chapter.2}{\376\377\000L\000i\000t\000e\000r\000a\000t\000\374\000r\000\040\000T\000a\000r\000a\000m\000a\000s\001\061}{}% 6
\BOOKMARK [1][-]{section.2.1}{\376\377\000Y\001\061\000l\000d\001\061\000r\001\061\000m\000\040\000O\000l\000u\001\137\000u\000m\000u\000\040\000v\000e\000\040\000M\000e\000t\000e\000o\000r\000o\000l\000o\000j\000i}{chapter.2}% 7
\BOOKMARK [1][-]{section.2.2}{\376\377\000Y\001\061\000l\000d\001\061\000r\001\061\000m\000\040\000T\000a\000h\000m\000i\000n\000i\000\040\000\307\000a\000l\001\061\001\137\000m\000a\000l\000a\000r\001\061}{chapter.2}% 8
\BOOKMARK [2][-]{subsection.2.2.1}{\376\377\000G\000e\000l\000e\000n\000e\000k\000s\000e\000l\000\040\000Y\000\366\000n\000t\000e\000m\000l\000e\000r}{section.2.2}% 9
\BOOKMARK [2][-]{subsection.2.2.2}{\376\377\000M\000a\000k\000i\000n\000e\000\040\000\326\001\037\000r\000e\000n\000m\000e\000s\000i\000\040\000T\000a\000b\000a\000n\000l\001\061\000\040\000Y\000\366\000n\000t\000e\000m\000l\000e\000r}{section.2.2}% 10
\BOOKMARK [1][-]{section.2.3}{\376\377\000T\000\374\000r\000k\000i\000y\000e\000'\000d\000e\000\040\000Y\001\061\000l\000d\001\061\000r\001\061\000m\000\040\000\307\000a\000l\001\061\001\137\000m\000a\000l\000a\000r\001\061}{chapter.2}% 11
\BOOKMARK [1][-]{section.2.4}{\376\377\000B\000u\000\040\000\307\000a\000l\001\061\001\137\000m\000a\000n\001\061\000n\000\040\000L\000i\000t\000e\000r\000a\000t\000\374\000r\000d\000e\000k\000i\000\040\000Y\000e\000r\000i}{chapter.2}% 12
\BOOKMARK [0][-]{chapter.3}{\376\377\000Y\000\366\000n\000t\000e\000m}{}% 13
\BOOKMARK [1][-]{section.3.1}{\376\377\000P\000r\000o\000b\000l\000e\000m\000\040\000T\000a\000n\001\061\000m\001\061}{chapter.3}% 14
\BOOKMARK [1][-]{section.3.2}{\376\377\000V\000e\000r\000i\000\040\000B\000i\000r\000l\000e\001\137\000t\000i\000r\000m\000e\000\040\000Y\000a\000k\000l\000a\001\137\001\061\000m\001\061}{chapter.3}% 15
\BOOKMARK [1][-]{section.3.3}{\376\377\000\326\000z\000e\000l\000l\000i\000k\000\040\000M\000\374\000h\000e\000n\000d\000i\000s\000l\000i\001\037\000i}{chapter.3}% 16
\BOOKMARK [2][-]{subsection.3.3.1}{\376\377\000Z\000a\000m\000a\000n\000\040\000\326\000z\000e\000l\000l\000i\000k\000l\000e\000r\000i}{section.3.3}% 17
\BOOKMARK [2][-]{subsection.3.3.2}{\376\377\000G\000e\000c\000i\000k\000m\000e\000\040\000\050\000L\000a\000g\000\051\000\040\000\326\000z\000e\000l\000l\000i\000k\000l\000e\000r\000i}{section.3.3}% 18
\BOOKMARK [2][-]{subsection.3.3.3}{\376\377\000H\000a\000r\000e\000k\000e\000t\000l\000i\000\040\000P\000e\000n\000c\000e\000r\000e\000\040\001\060\000s\000t\000a\000t\000i\000s\000t\000i\000k\000l\000e\000r\000i}{section.3.3}% 19
\BOOKMARK [1][-]{section.3.4}{\376\377\000M\000a\000k\000i\000n\000e\000\040\000\326\001\037\000r\000e\000n\000m\000e\000s\000i\000\040\000A\000l\000g\000o\000r\000i\000t\000m\000a\000l\000a\000r\001\061}{chapter.3}% 20
\BOOKMARK [2][-]{subsection.3.4.1}{\376\377\000L\000o\000j\000i\000s\000t\000i\000k\000\040\000R\000e\000g\000r\000e\000s\000y\000o\000n}{section.3.4}% 21
\BOOKMARK [2][-]{subsection.3.4.2}{\376\377\000R\000a\000n\000d\000o\000m\000\040\000F\000o\000r\000e\000s\000t}{section.3.4}% 22
\BOOKMARK [2][-]{subsection.3.4.3}{\376\377\000X\000G\000B\000o\000o\000s\000t}{section.3.4}% 23
\BOOKMARK [2][-]{subsection.3.4.4}{\376\377\000L\000i\000g\000h\000t\000G\000B\000M}{section.3.4}% 24
\BOOKMARK [1][-]{section.3.5}{\376\377\000D\000e\001\037\000e\000r\000l\000e\000n\000d\000i\000r\000m\000e\000\040\000M\000e\000t\000r\000i\000k\000l\000e\000r\000i}{chapter.3}% 25
\BOOKMARK [1][-]{section.3.6}{\376\377\000\307\000a\000p\000r\000a\000z\000\040\000D\000o\001\037\000r\000u\000l\000a\000m\000a}{chapter.3}% 26
\BOOKMARK [0][-]{chapter.4}{\376\377\000V\000e\000r\000i\000\040\000S\000e\000t\000i\000\040\000v\000e\000\040\000\326\000n\000\040\001\060\001\137\000l\000e\000m\000e}{}% 27
\BOOKMARK [1][-]{section.4.1}{\376\377\000\307\000a\000l\001\061\001\137\000m\000a\000\040\000A\000l\000a\000n\001\061}{chapter.4}% 28
\BOOKMARK [2][-]{subsection.4.1.1}{\376\377\000M\000e\000t\000e\000o\000r\000o\000l\000o\000j\000i\000\040\001\060\000s\000t\000a\000s\000y\000o\000n\000l\000a\000r\001\061}{section.4.1}% 29
\BOOKMARK [1][-]{section.4.2}{\376\377\000V\000e\000r\000i\000\040\000K\000a\000y\000n\000a\000k\000l\000a\000r\001\061}{chapter.4}% 30
\BOOKMARK [2][-]{subsection.4.2.1}{\376\377\000Y\001\061\000l\000d\001\061\000r\001\061\000m\000\040\000V\000e\000r\000i\000l\000e\000r\000i}{section.4.2}% 31
\BOOKMARK [2][-]{subsection.4.2.2}{\376\377\000M\000e\000t\000e\000o\000r\000o\000l\000o\000j\000i\000k\000\040\000V\000e\000r\000i\000l\000e\000r}{section.4.2}% 32
\BOOKMARK [1][-]{section.4.3}{\376\377\000V\000e\000r\000i\000\040\000\326\000n\000\040\001\060\001\137\000l\000e\000m\000e}{chapter.4}% 33
\BOOKMARK [2][-]{subsection.4.3.1}{\376\377\000V\000e\000r\000i\000\040\000T\000e\000m\000i\000z\000l\000e\000m\000e}{section.4.3}% 34
\BOOKMARK [2][-]{subsection.4.3.2}{\376\377\000K\000o\000n\000u\000m\000\040\000E\001\137\000l\000e\001\137\000t\000i\000r\000m\000e\000s\000i}{section.4.3}% 35
\BOOKMARK [2][-]{subsection.4.3.3}{\376\377\000G\000\374\000n\000l\000\374\000k\000\040\000A\000g\000r\000e\000g\000a\000s\000y\000o\000n}{section.4.3}% 36
\BOOKMARK [1][-]{section.4.4}{\376\377\000V\000e\000r\000i\000\040\000S\000e\000t\000i\000\040\001\060\000s\000t\000a\000t\000i\000s\000t\000i\000k\000l\000e\000r\000i}{chapter.4}% 37
\BOOKMARK [1][-]{section.4.5}{\376\377\000H\000e\000d\000e\000f\000\040\000D\000e\001\037\000i\001\137\000k\000e\000n}{chapter.4}% 38
\BOOKMARK [0][-]{chapter.5}{\376\377\000D\000e\000n\000e\000y\000s\000e\000l\000\040\000S\000o\000n\000u\000\347\000l\000a\000r}{}% 39
\BOOKMARK [1][-]{section.5.1}{\376\377\000M\000o\000d\000e\000l\000\040\000P\000e\000r\000f\000o\000r\000m\000a\000n\000s\000\040\000K\000a\000r\001\137\001\061\000l\000a\001\137\000t\001\061\000r\000m\000a\000s\001\061}{chapter.5}% 40
\BOOKMARK [1][-]{section.5.2}{\376\377\000R\000O\000C\000\040\000E\001\037\000r\000i\000l\000e\000r\000i}{chapter.5}% 41
\BOOKMARK [1][-]{section.5.3}{\376\377\000C\000o\000n\000f\000u\000s\000i\000o\000n\000\040\000M\000a\000t\000r\000i\000x\000\040\000A\000n\000a\000l\000i\000z\000i}{chapter.5}% 42
\BOOKMARK [1][-]{section.5.4}{\376\377\000\326\000z\000e\000l\000l\000i\000k\000\040\000\326\000n\000e\000m\000\040\000A\000n\000a\000l\000i\000z\000i}{chapter.5}% 43
\BOOKMARK [1][-]{section.5.5}{\376\377\000\307\000a\000p\000r\000a\000z\000\040\000D\000o\001\037\000r\000u\000l\000a\000m\000a\000\040\000S\000o\000n\000u\000\347\000l\000a\000r\001\061}{chapter.5}% 44
\BOOKMARK [1][-]{section.5.6}{\376\377\000P\000r\000e\000c\000i\000s\000i\000o\000n\000-\000R\000e\000c\000a\000l\000l\000\040\000A\000n\000a\000l\000i\000z\000i}{chapter.5}% 45
\BOOKMARK [0][-]{chapter.6}{\376\377\000T\000a\000r\000t\001\061\001\137\000m\000a\000\040\000v\000e\000\040\000S\000o\000n\000u\000\347}{}% 46
\BOOKMARK [1][-]{section.6.1}{\376\377\000S\000o\000n\000u\000\347\000l\000a\000r\001\061\000n\000\040\000D\000e\001\037\000e\000r\000l\000e\000n\000d\000i\000r\000i\000l\000m\000e\000s\000i}{chapter.6}% 47
\BOOKMARK [2][-]{subsection.6.1.1}{\376\377\000M\000o\000d\000e\000l\000\040\000P\000e\000r\000f\000o\000r\000m\000a\000n\000s\000l\000a\000r\001\061}{section.6.1}% 48
\BOOKMARK [2][-]{subsection.6.1.2}{\376\377\000\326\000z\000e\000l\000l\000i\000k\000\040\000\326\000n\000e\000m\000l\000e\000r\000i}{section.6.1}% 49
\BOOKMARK [1][-]{section.6.2}{\376\377\000\307\000a\000l\001\061\001\137\000m\000a\000n\001\061\000n\000\040\000K\000a\000t\000k\001\061\000l\000a\000r\001\061}{chapter.6}% 50
\BOOKMARK [1][-]{section.6.3}{\376\377\000S\001\061\000n\001\061\000r\000l\001\061\000l\001\061\000k\000l\000a\000r}{chapter.6}% 51
\BOOKMARK [1][-]{section.6.4}{\376\377\000G\000e\000l\000e\000c\000e\000k\000\040\000\307\000a\000l\001\061\001\137\000m\000a\000l\000a\000r}{chapter.6}% 52
\BOOKMARK [1][-]{section.6.5}{\376\377\000S\000o\000n\000u\000\347}{chapter.6}% 53
